Archive member included to satisfy reference by file (symbol)

c:/st/stm32cubeide_1.10.1/stm32cubeide/plugins/com.st.stm32cube.ide.mcu.externaltools.gnu-tools-for-stm32.10.3-2021.10.win32_1.0.0.202111181127/tools/bin/../lib/gcc/arm-none-eabi/10.3.1/../../../../arm-none-eabi/lib/thumb/v7-m/nofp\libc_nano.a(lib_a-errno.o)
                              ./Core/Src/syscalls.o (__errno)
c:/st/stm32cubeide_1.10.1/stm32cubeide/plugins/com.st.stm32cube.ide.mcu.externaltools.gnu-tools-for-stm32.10.3-2021.10.win32_1.0.0.202111181127/tools/bin/../lib/gcc/arm-none-eabi/10.3.1/../../../../arm-none-eabi/lib/thumb/v7-m/nofp\libc_nano.a(lib_a-exit.o)
                              c:/st/stm32cubeide_1.10.1/stm32cubeide/plugins/com.st.stm32cube.ide.mcu.externaltools.gnu-tools-for-stm32.10.3-2021.10.win32_1.0.0.202111181127/tools/bin/../lib/gcc/arm-none-eabi/10.3.1/../../../../arm-none-eabi/lib/thumb/v7-m/nofp/crt0.o (exit)
c:/st/stm32cubeide_1.10.1/stm32cubeide/plugins/com.st.stm32cube.ide.mcu.externaltools.gnu-tools-for-stm32.10.3-2021.10.win32_1.0.0.202111181127/tools/bin/../lib/gcc/arm-none-eabi/10.3.1/../../../../arm-none-eabi/lib/thumb/v7-m/nofp\libc_nano.a(lib_a-impure.o)
                              c:/st/stm32cubeide_1.10.1/stm32cubeide/plugins/com.st.stm32cube.ide.mcu.externaltools.gnu-tools-for-stm32.10.3-2021.10.win32_1.0.0.202111181127/tools/bin/../lib/gcc/arm-none-eabi/10.3.1/../../../../arm-none-eabi/lib/thumb/v7-m/nofp\libc_nano.a(lib_a-exit.o) (_global_impure_ptr)
c:/st/stm32cubeide_1.10.1/stm32cubeide/plugins/com.st.stm32cube.ide.mcu.externaltools.gnu-tools-for-stm32.10.3-2021.10.win32_1.0.0.202111181127/tools/bin/../lib/gcc/arm-none-eabi/10.3.1/../../../../arm-none-eabi/lib/thumb/v7-m/nofp\libc_nano.a(lib_a-init.o)
                              c:/st/stm32cubeide_1.10.1/stm32cubeide/plugins/com.st.stm32cube.ide.mcu.externaltools.gnu-tools-for-stm32.10.3-2021.10.win32_1.0.0.202111181127/tools/bin/../lib/gcc/arm-none-eabi/10.3.1/../../../../arm-none-eabi/lib/thumb/v7-m/nofp/crt0.o (__libc_init_array)
c:/st/stm32cubeide_1.10.1/stm32cubeide/plugins/com.st.stm32cube.ide.mcu.externaltools.gnu-tools-for-stm32.10.3-2021.10.win32_1.0.0.202111181127/tools/bin/../lib/gcc/arm-none-eabi/10.3.1/../../../../arm-none-eabi/lib/thumb/v7-m/nofp\libc_nano.a(lib_a-memset.o)
                              c:/st/stm32cubeide_1.10.1/stm32cubeide/plugins/com.st.stm32cube.ide.mcu.externaltools.gnu-tools-for-stm32.10.3-2021.10.win32_1.0.0.202111181127/tools/bin/../lib/gcc/arm-none-eabi/10.3.1/../../../../arm-none-eabi/lib/thumb/v7-m/nofp/crt0.o (memset)
c:/st/stm32cubeide_1.10.1/stm32cubeide/plugins/com.st.stm32cube.ide.mcu.externaltools.gnu-tools-for-stm32.10.3-2021.10.win32_1.0.0.202111181127/tools/bin/../lib/gcc/arm-none-eabi/10.3.1/../../../../arm-none-eabi/lib/thumb/v7-m/nofp\libc_nano.a(lib_a-strlen.o)
                              ./Core/Src/fonts.o (strlen)

Discarded input sections

 .text          0x0000000000000000        0x0 c:/st/stm32cubeide_1.10.1/stm32cubeide/plugins/com.st.stm32cube.ide.mcu.externaltools.gnu-tools-for-stm32.10.3-2021.10.win32_1.0.0.202111181127/tools/bin/../lib/gcc/arm-none-eabi/10.3.1/thumb/v7-m/nofp/crti.o
 .data          0x0000000000000000        0x0 c:/st/stm32cubeide_1.10.1/stm32cubeide/plugins/com.st.stm32cube.ide.mcu.externaltools.gnu-tools-for-stm32.10.3-2021.10.win32_1.0.0.202111181127/tools/bin/../lib/gcc/arm-none-eabi/10.3.1/thumb/v7-m/nofp/crti.o
 .bss           0x0000000000000000        0x0 c:/st/stm32cubeide_1.10.1/stm32cubeide/plugins/com.st.stm32cube.ide.mcu.externaltools.gnu-tools-for-stm32.10.3-2021.10.win32_1.0.0.202111181127/tools/bin/../lib/gcc/arm-none-eabi/10.3.1/thumb/v7-m/nofp/crti.o
 .data          0x0000000000000000        0x4 c:/st/stm32cubeide_1.10.1/stm32cubeide/plugins/com.st.stm32cube.ide.mcu.externaltools.gnu-tools-for-stm32.10.3-2021.10.win32_1.0.0.202111181127/tools/bin/../lib/gcc/arm-none-eabi/10.3.1/thumb/v7-m/nofp/crtbegin.o
 .rodata        0x0000000000000000       0x24 c:/st/stm32cubeide_1.10.1/stm32cubeide/plugins/com.st.stm32cube.ide.mcu.externaltools.gnu-tools-for-stm32.10.3-2021.10.win32_1.0.0.202111181127/tools/bin/../lib/gcc/arm-none-eabi/10.3.1/thumb/v7-m/nofp/crtbegin.o
 .text          0x0000000000000000       0x7c c:/st/stm32cubeide_1.10.1/stm32cubeide/plugins/com.st.stm32cube.ide.mcu.externaltools.gnu-tools-for-stm32.10.3-2021.10.win32_1.0.0.202111181127/tools/bin/../lib/gcc/arm-none-eabi/10.3.1/../../../../arm-none-eabi/lib/thumb/v7-m/nofp/crt0.o
 .data          0x0000000000000000        0x0 c:/st/stm32cubeide_1.10.1/stm32cubeide/plugins/com.st.stm32cube.ide.mcu.externaltools.gnu-tools-for-stm32.10.3-2021.10.win32_1.0.0.202111181127/tools/bin/../lib/gcc/arm-none-eabi/10.3.1/../../../../arm-none-eabi/lib/thumb/v7-m/nofp/crt0.o
[...]
Memory Configuration

Name             Origin             Length             Attributes
RAM              0x0000000020000000 0x0000000000005000 xrw
FLASH            0x0000000008000000 0x0000000000010000 xr
*default*        0x0000000000000000 0xffffffffffffffff

Linker script and memory map

LOAD c:/st/stm32cubeide_1.10.1/stm32cubeide/plugins/com.st.stm32cube.ide.mcu.externaltools.gnu-tools-for-stm32.10.3-2021.10.win32_1.0.0.202111181127/tools/bin/../lib/gcc/arm-none-eabi/10.3.1/thumb/v7-m/nofp/crti.o
LOAD c:/st/stm32cubeide_1.10.1/stm32cubeide/plugins/com.st.stm32cube.ide.mcu.externaltools.gnu-tools-for-stm32.10.3-2021.10.win32_1.0.0.202111181127/tools/bin/../lib/gcc/arm-none-eabi/10.3.1/thumb/v7-m/nofp/crtbegin.o
LOAD c:/st/stm32cubeide_1.10.1/stm32cubeide/plugins/com.st.stm32cube.ide.mcu.externaltools.gnu-tools-for-stm32.10.3-2021.10.win32_1.0.0.202111181127/tools/bin/../lib/gcc/arm-none-eabi/10.3.1/../../../../arm-none-eabi/lib/thumb/v7-m/nofp/crt0.o
LOAD ./Core/Src/fonts.o
LOAD ./Core/Src/main.o
LOAD ./Core/Src/ssd1306.o
LOAD ./Core/Src/stm32f1xx_hal_msp.o
LOAD ./Core/Src/stm32f1xx_it.o
LOAD ./Core/Src/syscalls.o
LOAD ./Core/Src/sysmem.o
LOAD ./Core/Src/system_stm32f1xx.o
LOAD ./Core/Src/test.o
LOAD ./Core/Startup/startup_stm32f103c8tx.o
LOAD ./Drivers/STM32F1xx_HAL_Driver/Src/stm32f1xx_hal.o
LOAD ./Drivers/STM32F1xx_HAL_Driver/Src/stm32f1xx_hal_cortex.o
LOAD ./Drivers/STM32F1xx_HAL_Driver/Src/stm32f1xx_hal_dma.o
LOAD ./Drivers/STM32F1xx_HAL_Driver/Src/stm32f1xx_hal_exti.o
LOAD ./Drivers/STM32F1xx_HAL_Driver/Src/stm32f1xx_hal_flash.o
LOAD ./Drivers/STM32F1xx_HAL_Driver/Src/stm32f1xx_hal_flash_ex.o
LOAD ./Drivers/STM32F1xx_HAL_Driver/Src/stm32f1xx_hal_gpio.o
LOAD ./Drivers/STM32F1xx_HAL_Driver/Src/stm32f1xx_hal_gpio_ex.o
LOAD ./Drivers/STM32F1xx_HAL_Driver/Src/stm32f1xx_hal_i2c.o
LOAD ./Drivers/STM32F1xx_HAL_Driver/Src/stm32f1xx_hal_pwr.o
LOAD ./Drivers/STM32F1xx_HAL_Driver/Src/stm32f1xx_hal_rcc.o
LOAD ./Drivers/STM32F1xx_HAL_Driver/Src/stm32f1xx_hal_rcc_ex.o
LOAD ./Drivers/STM32F1xx_HAL_Driver/Src/stm32f1xx_hal_tim.o
LOAD ./Drivers/STM32F1xx_HAL_Driver/Src/stm32f1xx_hal_tim_ex.o
LOAD ./Drivers/STM32F1xx_HAL_Driver/Src/stm32f1xx_hal_uart.o
START GROUP
LOAD c:/st/stm32cubeide_1.10.1/stm32cubeide/plugins/com.st.stm32cube.ide.mcu.externaltools.gnu-tools-for-stm32.10.3-2021.10.win32_1.0.0.202111181127/tools/bin/../lib/gcc/arm-none-eabi/10.3.1/../../../../arm-none-eabi/lib/thumb/v7-m/nofp\libc_nano.a
LOAD c:/st/stm32cubeide_1.10.1/stm32cubeide/plugins/com.st.stm32cube.ide.mcu.externaltools.gnu-tools-for-stm32.10.3-2021.10.win32_1.0.0.202111181127/tools/bin/../lib/gcc/arm-none-eabi/10.3.1/../../../../arm-none-eabi/lib/thumb/v7-m/nofp\libm.a
END GROUP
START GROUP
LOAD c:/st/stm32cubeide_1.10.1/stm32cubeide/plugins/com.st.stm32cube.ide.mcu.externaltools.gnu-tools-for-stm32.10.3-2021.10.win32_1.0.0.202111181127/tools/bin/../lib/gcc/arm-none-eabi/10.3.1/thumb/v7-m/nofp\libgcc.a
LOAD c:/st/stm32cubeide_1.10.1/stm32cubeide/plugins/com.st.stm32cube.ide.mcu.externaltools.gnu-tools-for-stm32.10.3-2021.10.win32_1.0.0.202111181127/tools/bin/../lib/gcc/arm-none-eabi/10.3.1/../../../../arm-none-eabi/lib/thumb/v7-m/nofp\libc_nano.a
END GROUP
START GROUP
LOAD c:/st/stm32cubeide_1.10.1/stm32cubeide/plugins/com.st.stm32cube.ide.mcu.externaltools.gnu-tools-for-stm32.10.3-2021.10.win32_1.0.0.202111181127/tools/bin/../lib/gcc/arm-none-eabi/10.3.1/thumb/v7-m/nofp\libgcc.a
LOAD c:/st/stm32cubeide_1.10.1/stm32cubeide/plugins/com.st.stm32cube.ide.mcu.externaltools.gnu-tools-for-stm32.10.3-2021.10.win32_1.0.0.202111181127/tools/bin/../lib/gcc/arm-none-eabi/10.3.1/../../../../arm-none-eabi/lib/thumb/v7-m/nofp\libc_nano.a
LOAD c:/st/stm32cubeide_1.10.1/stm32cubeide/plugins/com.st.stm32cube.ide.mcu.externaltools.gnu-tools-for-stm32.10.3-2021.10.win32_1.0.0.202111181127/tools/bin/../lib/gcc/arm-none-eabi/10.3.1/../../../../arm-none-eabi/lib/thumb/v7-m/nofp\libnosys.a
END GROUP
START GROUP
LOAD c:/st/stm32cubeide_1.10.1/stm32cubeide/plugins/com.st.stm32cube.ide.mcu.externaltools.gnu-tools-for-stm32.10.3-2021.10.win32_1.0.0.202111181127/tools/bin/../lib/gcc/arm-none-eabi/10.3.1/thumb/v7-m/nofp\libgcc.a
LOAD c:/st/stm32cubeide_1.10.1/stm32cubeide/plugins/com.st.stm32cube.ide.mcu.externaltools.gnu-tools-for-stm32.10.3-2021.10.win32_1.0.0.202111181127/tools/bin/../lib/gcc/arm-none-eabi/10.3.1/../../../../arm-none-eabi/lib/thumb/v7-m/nofp\libc_nano.a
LOAD c:/st/stm32cubeide_1.10.1/stm32cubeide/plugins/com.st.stm32cube.ide.mcu.externaltools.gnu-tools-for-stm32.10.3-2021.10.win32_1.0.0.202111181127/tools/bin/../lib/gcc/arm-none-eabi/10.3.1/../../../../arm-none-eabi/lib/thumb/v7-m/nofp\libnosys.a
END GROUP
LOAD c:/st/stm32cubeide_1.10.1/stm32cubeide/plugins/com.st.stm32cube.ide.mcu.externaltools.gnu-tools-for-stm32.10.3-2021.10.win32_1.0.0.202111181127/tools/bin/../lib/gcc/arm-none-eabi/10.3.1/thumb/v7-m/nofp/crtend.o
LOAD c:/st/stm32cubeide_1.10.1/stm32cubeide/plugins/com.st.stm32cube.ide.mcu.externaltools.gnu-tools-for-stm32.10.3-2021.10.win32_1.0.0.202111181127/tools/bin/../lib/gcc/arm-none-eabi/10.3.1/thumb/v7-m/nofp/crtn.o
                0x0000000020005000                _estack = (ORIGIN (RAM) + LENGTH (RAM))
                0x0000000000000200                _Min_Heap_Size = 0x200
                0x0000000000000400                _Min_Stack_Size = 0x400

.isr_vector     0x0000000008000000      0x10c
                0x0000000008000000                . = ALIGN (0x4)
 *(.isr_vector)
 .isr_vector    0x0000000008000000      0x10c ./Core/Startup/startup_stm32f103c8tx.o
                0x0000000008000000                g_pfnVectors
                0x000000000800010c                . = ALIGN (0x4)

.text           0x000000000800010c     0x3274
                0x000000000800010c                . = ALIGN (0x4)
 *(.text)
 .text          0x000000000800010c       0x40 c:/st/stm32cubeide_1.10.1/stm32cubeide/plugins/com.st.stm32cube.ide.mcu.externaltools.gnu-tools-for-stm32.10.3-2021.10.win32_1.0.0.202111181127/tools/bin/../lib/gcc/arm-none-eabi/10.3.1/thumb/v7-m/nofp/crtbegin.o
 *(.text*)
 .text.zeroSoftPWM
                0x000000000800014c       0x32 ./Core/Src/main.o
                0x000000000800014c                zeroSoftPWM
 .text.setSoftPWM
                0x000000000800017e       0xa2 ./Core/Src/main.o
                0x000000000800017e                setSoftPWM
 .text.main     0x0000000008000220       0xd4 ./Core/Src/main.o
                0x0000000008000220                main
 .text.SystemClock_Config
                0x00000000080002f4       0x8a ./Core/Src/main.o
                0x00000000080002f4                SystemClock_Config
 *fill*         0x000000000800037e        0x2 
 .text.MX_I2C1_Init
                0x0000000008000380       0x5c ./Core/Src/main.o
 .text.MX_TIM1_Init
                0x00000000080003dc       0xa0 ./Core/Src/main.o
 .text.MX_USART1_UART_Init
                0x000000000800047c       0x54 ./Core/Src/main.o
 .text.MX_USART2_UART_Init
                0x00000000080004d0       0x54 ./Core/Src/main.o
 .text.MX_DMA_Init
                0x0000000008000524       0x3c ./Core/Src/main.o
 .text.MX_GPIO_Init
                0x0000000008000560       0xb0 ./Core/Src/main.o
 .text.Error_Handler
                0x0000000008000610        0xa ./Core/Src/main.o
                0x0000000008000610                Error_Handler
 *fill*         0x000000000800061a        0x2 
 .text.SSD1306_Init
                0x000000000800061c      0x188 ./Core/Src/ssd1306.o
                0x000000000800061c                SSD1306_Init
 .text.SSD1306_UpdateScreen
                0x00000000080007a4       0x5c ./Core/Src/ssd1306.o
                0x00000000080007a4                SSD1306_UpdateScreen
 .text.SSD1306_Fill
                0x0000000008000800       0x30 ./Core/Src/ssd1306.o
                0x0000000008000800                SSD1306_Fill
 .text.SSD1306_DrawPixel
                0x0000000008000830       0xbc ./Core/Src/ssd1306.o
                0x0000000008000830                SSD1306_DrawPixel
 .text.SSD1306_GotoXY
                0x00000000080008ec       0x2c ./Core/Src/ssd1306.o
                0x00000000080008ec                SSD1306_GotoXY
 .text.SSD1306_Putc
                0x0000000008000918      0x100 ./Core/Src/ssd1306.o
                0x0000000008000918                SSD1306_Putc
 .text.SSD1306_Puts
                0x0000000008000a18       0x4a ./Core/Src/ssd1306.o
                0x0000000008000a18                SSD1306_Puts
 *fill*         0x0000000008000a62        0x2 
 .text.ssd1306_I2C_Init
                0x0000000008000a64       0x28 ./Core/Src/ssd1306.o
                0x0000000008000a64                ssd1306_I2C_Init
 .text.ssd1306_I2C_WriteMulti
                0x0000000008000a8c       0xcc ./Core/Src/ssd1306.o
                0x0000000008000a8c                ssd1306_I2C_WriteMulti
 .text.ssd1306_I2C_Write
                0x0000000008000b58       0x3c ./Core/Src/ssd1306.o
                0x0000000008000b58                ssd1306_I2C_Write
 .text.HAL_MspInit
                0x0000000008000b94       0x64 ./Core/Src/stm32f1xx_hal_msp.o
                0x0000000008000b94                HAL_MspInit
 .text.HAL_I2C_MspInit
                0x0000000008000bf8       0x7c ./Core/Src/stm32f1xx_hal_msp.o
                0x0000000008000bf8                HAL_I2C_MspInit
 .text.HAL_TIM_Base_MspInit
                0x0000000008000c74       0x94 ./Core/Src/stm32f1xx_hal_msp.o
                0x0000000008000c74                HAL_TIM_Base_MspInit
 .text.HAL_UART_MspInit
                0x0000000008000d08      0x108 ./Core/Src/stm32f1xx_hal_msp.o
                0x0000000008000d08                HAL_UART_MspInit
 .text.NMI_Handler
                0x0000000008000e10        0x6 ./Core/Src/stm32f1xx_it.o
                0x0000000008000e10                NMI_Handler
 .text.HardFault_Handler
                0x0000000008000e16        0x6 ./Core/Src/stm32f1xx_it.o
                0x0000000008000e16                HardFault_Handler
 .text.MemManage_Handler
                0x0000000008000e1c        0x6 ./Core/Src/stm32f1xx_it.o
                0x0000000008000e1c                MemManage_Handler
 .text.BusFault_Handler
                0x0000000008000e22        0x6 ./Core/Src/stm32f1xx_it.o
                0x0000000008000e22                BusFault_Handler
 .text.UsageFault_Handler
                0x0000000008000e28        0x6 ./Core/Src/stm32f1xx_it.o
                0x0000000008000e28                UsageFault_Handler
 .text.SVC_Handler
                0x0000000008000e2e        0xc ./Core/Src/stm32f1xx_it.o
                0x0000000008000e2e                SVC_Handler
 .text.DebugMon_Handler
                0x0000000008000e3a        0xc ./Core/Src/stm32f1xx_it.o
                0x0000000008000e3a                DebugMon_Handler
 .text.PendSV_Handler
                0x0000000008000e46        0xc ./Core/Src/stm32f1xx_it.o
                0x0000000008000e46                PendSV_Handler
 .text.SysTick_Handler
                0x0000000008000e52        0xc ./Core/Src/stm32f1xx_it.o
                0x0000000008000e52                SysTick_Handler
 *fill*         0x0000000008000e5e        0x2 
 .text.DMA1_Channel5_IRQHandler
                0x0000000008000e60       0x14 ./Core/Src/stm32f1xx_it.o
                0x0000000008000e60                DMA1_Channel5_IRQHandler
 .text.SystemInit
                0x0000000008000e74        0xc ./Core/Src/system_stm32f1xx.o
                0x0000000008000e74                SystemInit
 .text.Reset_Handler
                0x0000000008000e80       0x48 ./Core/Startup/startup_stm32f103c8tx.o
                0x0000000008000e80                Reset_Handler
 .text.Default_Handler
                0x0000000008000ec8        0x2 ./Core/Startup/startup_stm32f103c8tx.o
                0x0000000008000ec8                RTC_Alarm_IRQHandler
                0x0000000008000ec8                EXTI2_IRQHandler
                0x0000000008000ec8                TIM1_CC_IRQHandler
                0x0000000008000ec8                PVD_IRQHandler
                0x0000000008000ec8                EXTI3_IRQHandler
                0x0000000008000ec8                EXTI0_IRQHandler
                0x0000000008000ec8                I2C2_EV_IRQHandler
                0x0000000008000ec8                ADC1_2_IRQHandler
                0x0000000008000ec8                SPI1_IRQHandler
                0x0000000008000ec8                TAMPER_IRQHandler
                0x0000000008000ec8                DMA1_Channel4_IRQHandler
                0x0000000008000ec8                USART3_IRQHandler
                0x0000000008000ec8                RTC_IRQHandler
                0x0000000008000ec8                DMA1_Channel7_IRQHandler
                0x0000000008000ec8                CAN1_RX1_IRQHandler
                0x0000000008000ec8                TIM4_IRQHandler
                0x0000000008000ec8                I2C1_EV_IRQHandler
                0x0000000008000ec8                DMA1_Channel6_IRQHandler
                0x0000000008000ec8                TIM3_IRQHandler
                0x0000000008000ec8                RCC_IRQHandler
                0x0000000008000ec8                TIM1_TRG_COM_IRQHandler
                0x0000000008000ec8                DMA1_Channel1_IRQHandler
                0x0000000008000ec8                Default_Handler
                0x0000000008000ec8                EXTI15_10_IRQHandler
                0x0000000008000ec8                EXTI9_5_IRQHandler
                0x0000000008000ec8                SPI2_IRQHandler
                0x0000000008000ec8                EXTI4_IRQHandler
                0x0000000008000ec8                USB_LP_CAN1_RX0_IRQHandler
                0x0000000008000ec8                USB_HP_CAN1_TX_IRQHandler
                0x0000000008000ec8                DMA1_Channel3_IRQHandler
                0x0000000008000ec8                TIM1_UP_IRQHandler
                0x0000000008000ec8                WWDG_IRQHandler
                0x0000000008000ec8                TIM2_IRQHandler
                0x0000000008000ec8                TIM1_BRK_IRQHandler
                0x0000000008000ec8                EXTI1_IRQHandler
                0x0000000008000ec8                USART2_IRQHandler
                0x0000000008000ec8                I2C2_ER_IRQHandler
                0x0000000008000ec8                DMA1_Channel2_IRQHandler
                0x0000000008000ec8                CAN1_SCE_IRQHandler
                0x0000000008000ec8                FLASH_IRQHandler
                0x0000000008000ec8                USART1_IRQHandler
                0x0000000008000ec8                I2C1_ER_IRQHandler
                0x0000000008000ec8                USBWakeUp_IRQHandler
 *fill*         0x0000000008000eca        0x2 
 .text.HAL_Init
                0x0000000008000ecc       0x2c ./Drivers/STM32F1xx_HAL_Driver/Src/stm32f1xx_hal.o
                0x0000000008000ecc                HAL_Init
 .text.HAL_InitTick
                0x0000000008000ef8       0x60 ./Drivers/STM32F1xx_HAL_Driver/Src/stm32f1xx_hal.o
                0x0000000008000ef8                HAL_InitTick
 .text.HAL_IncTick
                0x0000000008000f58       0x24 ./Drivers/STM32F1xx_HAL_Driver/Src/stm32f1xx_hal.o
                0x0000000008000f58                HAL_IncTick
 .text.HAL_GetTick
                0x0000000008000f7c       0x14 ./Drivers/STM32F1xx_HAL_Driver/Src/stm32f1xx_hal.o
                0x0000000008000f7c                HAL_GetTick
 .text.HAL_Delay
                0x0000000008000f90       0x48 ./Drivers/STM32F1xx_HAL_Driver/Src/stm32f1xx_hal.o
                0x0000000008000f90                HAL_Delay
 .text.__NVIC_SetPriorityGrouping
                0x0000000008000fd8       0x48 ./Drivers/STM32F1xx_HAL_Driver/Src/stm32f1xx_hal_cortex.o
 .text.__NVIC_GetPriorityGrouping
                0x0000000008001020       0x1c ./Drivers/STM32F1xx_HAL_Driver/Src/stm32f1xx_hal_cortex.o
 .text.__NVIC_EnableIRQ
                0x000000000800103c       0x38 ./Drivers/STM32F1xx_HAL_Driver/Src/stm32f1xx_hal_cortex.o
 .text.__NVIC_SetPriority
                0x0000000008001074       0x54 ./Drivers/STM32F1xx_HAL_Driver/Src/stm32f1xx_hal_cortex.o
 .text.NVIC_EncodePriority
                0x00000000080010c8       0x64 ./Drivers/STM32F1xx_HAL_Driver/Src/stm32f1xx_hal_cortex.o
 .text.SysTick_Config
                0x000000000800112c       0x44 ./Drivers/STM32F1xx_HAL_Driver/Src/stm32f1xx_hal_cortex.o
 .text.HAL_NVIC_SetPriorityGrouping
                0x0000000008001170       0x16 ./Drivers/STM32F1xx_HAL_Driver/Src/stm32f1xx_hal_cortex.o
                0x0000000008001170                HAL_NVIC_SetPriorityGrouping
 .text.HAL_NVIC_SetPriority
                0x0000000008001186       0x38 ./Drivers/STM32F1xx_HAL_Driver/Src/stm32f1xx_hal_cortex.o
                0x0000000008001186                HAL_NVIC_SetPriority
 .text.HAL_NVIC_EnableIRQ
                0x00000000080011be       0x1c ./Drivers/STM32F1xx_HAL_Driver/Src/stm32f1xx_hal_cortex.o
                0x00000000080011be                HAL_NVIC_EnableIRQ
 .text.HAL_SYSTICK_Config
                0x00000000080011da       0x18 ./Drivers/STM32F1xx_HAL_Driver/Src/stm32f1xx_hal_cortex.o
                0x00000000080011da                HAL_SYSTICK_Config
 *fill*         0x00000000080011f2        0x2 
 .text.HAL_DMA_Init
                0x00000000080011f4       0xb4 ./Drivers/STM32F1xx_HAL_Driver/Src/stm32f1xx_hal_dma.o
                0x00000000080011f4                HAL_DMA_Init
 .text.HAL_DMA_Start
                0x00000000080012a8       0x84 ./Drivers/STM32F1xx_HAL_Driver/Src/stm32f1xx_hal_dma.o
                0x00000000080012a8                HAL_DMA_Start
 .text.HAL_DMA_IRQHandler
                0x000000000800132c      0x20c ./Drivers/STM32F1xx_HAL_Driver/Src/stm32f1xx_hal_dma.o
                0x000000000800132c                HAL_DMA_IRQHandler
 .text.DMA_SetConfig
                0x0000000008001538       0x5a ./Drivers/STM32F1xx_HAL_Driver/Src/stm32f1xx_hal_dma.o
 *fill*         0x0000000008001592        0x2 
 .text.HAL_GPIO_Init
                0x0000000008001594      0x308 ./Drivers/STM32F1xx_HAL_Driver/Src/stm32f1xx_hal_gpio.o
                0x0000000008001594                HAL_GPIO_Init
 .text.HAL_GPIO_WritePin
                0x000000000800189c       0x30 ./Drivers/STM32F1xx_HAL_Driver/Src/stm32f1xx_hal_gpio.o
                0x000000000800189c                HAL_GPIO_WritePin
 .text.HAL_I2C_Init
                0x00000000080018cc      0x288 ./Drivers/STM32F1xx_HAL_Driver/Src/stm32f1xx_hal_i2c.o
                0x00000000080018cc                HAL_I2C_Init
 .text.HAL_I2C_Master_Transmit
                0x0000000008001b54      0x1fc ./Drivers/STM32F1xx_HAL_Driver/Src/stm32f1xx_hal_i2c.o
                0x0000000008001b54                HAL_I2C_Master_Transmit
 .text.HAL_I2C_IsDeviceReady
                0x0000000008001d50      0x25c ./Drivers/STM32F1xx_HAL_Driver/Src/stm32f1xx_hal_i2c.o
                0x0000000008001d50                HAL_I2C_IsDeviceReady
 .text.I2C_MasterRequestWrite
                0x0000000008001fac      0x104 ./Drivers/STM32F1xx_HAL_Driver/Src/stm32f1xx_hal_i2c.o
 .text.I2C_WaitOnFlagUntilTimeout
                0x00000000080020b0       0xae ./Drivers/STM32F1xx_HAL_Driver/Src/stm32f1xx_hal_i2c.o
 .text.I2C_WaitOnMasterAddressFlagUntilTimeout
                0x000000000800215e       0xfe ./Drivers/STM32F1xx_HAL_Driver/Src/stm32f1xx_hal_i2c.o
 .text.I2C_WaitOnTXEFlagUntilTimeout
                0x000000000800225c       0x82 ./Drivers/STM32F1xx_HAL_Driver/Src/stm32f1xx_hal_i2c.o
 .text.I2C_WaitOnBTFFlagUntilTimeout
                0x00000000080022de       0x82 ./Drivers/STM32F1xx_HAL_Driver/Src/stm32f1xx_hal_i2c.o
 .text.I2C_IsAcknowledgeFailed
                0x0000000008002360       0x5c ./Drivers/STM32F1xx_HAL_Driver/Src/stm32f1xx_hal_i2c.o
 .text.HAL_RCC_OscConfig
                0x00000000080023bc      0x504 ./Drivers/STM32F1xx_HAL_Driver/Src/stm32f1xx_hal_rcc.o
                0x00000000080023bc                HAL_RCC_OscConfig
 .text.HAL_RCC_ClockConfig
                0x00000000080028c0      0x1d4 ./Drivers/STM32F1xx_HAL_Driver/Src/stm32f1xx_hal_rcc.o
                0x00000000080028c0                HAL_RCC_ClockConfig
 .text.HAL_RCC_GetSysClockFreq
                0x0000000008002a94       0xbc ./Drivers/STM32F1xx_HAL_Driver/Src/stm32f1xx_hal_rcc.o
                0x0000000008002a94                HAL_RCC_GetSysClockFreq
 .text.HAL_RCC_GetHCLKFreq
                0x0000000008002b50       0x14 ./Drivers/STM32F1xx_HAL_Driver/Src/stm32f1xx_hal_rcc.o
                0x0000000008002b50                HAL_RCC_GetHCLKFreq
 .text.HAL_RCC_GetPCLK1Freq
                0x0000000008002b64       0x28 ./Drivers/STM32F1xx_HAL_Driver/Src/stm32f1xx_hal_rcc.o
                0x0000000008002b64                HAL_RCC_GetPCLK1Freq
 .text.HAL_RCC_GetPCLK2Freq
                0x0000000008002b8c       0x28 ./Drivers/STM32F1xx_HAL_Driver/Src/stm32f1xx_hal_rcc.o
                0x0000000008002b8c                HAL_RCC_GetPCLK2Freq
 .text.RCC_Delay
                0x0000000008002bb4       0x3c ./Drivers/STM32F1xx_HAL_Driver/Src/stm32f1xx_hal_rcc.o
 .text.HAL_TIM_Base_Init
                0x0000000008002bf0       0x9e ./Drivers/STM32F1xx_HAL_Driver/Src/stm32f1xx_hal_tim.o
                0x0000000008002bf0                HAL_TIM_Base_Init
 *fill*         0x0000000008002c8e        0x2 
 .text.HAL_TIM_Base_Start
                0x0000000008002c90       0x94 ./Drivers/STM32F1xx_HAL_Driver/Src/stm32f1xx_hal_tim.o
                0x0000000008002c90                HAL_TIM_Base_Start
 .text.HAL_TIM_ConfigClockSource
                0x0000000008002d24      0x188 ./Drivers/STM32F1xx_HAL_Driver/Src/stm32f1xx_hal_tim.o
                0x0000000008002d24                HAL_TIM_ConfigClockSource
 .text.TIM_Base_SetConfig
                0x0000000008002eac       0xc4 ./Drivers/STM32F1xx_HAL_Driver/Src/stm32f1xx_hal_tim.o
                0x0000000008002eac                TIM_Base_SetConfig
 .text.TIM_TI1_ConfigInputStage
                0x0000000008002f70       0x5c ./Drivers/STM32F1xx_HAL_Driver/Src/stm32f1xx_hal_tim.o
 .text.TIM_TI2_ConfigInputStage
                0x0000000008002fcc       0x5e ./Drivers/STM32F1xx_HAL_Driver/Src/stm32f1xx_hal_tim.o
 .text.TIM_ITRx_SetConfig
                0x000000000800302a       0x34 ./Drivers/STM32F1xx_HAL_Driver/Src/stm32f1xx_hal_tim.o
 .text.TIM_ETR_SetConfig
                0x000000000800305e       0x3e ./Drivers/STM32F1xx_HAL_Driver/Src/stm32f1xx_hal_tim.o
                0x000000000800305e                TIM_ETR_SetConfig
 .text.HAL_TIMEx_MasterConfigSynchronization
                0x000000000800309c       0xbc ./Drivers/STM32F1xx_HAL_Driver/Src/stm32f1xx_hal_tim_ex.o
                0x000000000800309c                HAL_TIMEx_MasterConfigSynchronization
 .text.HAL_UART_Init
                0x0000000008003158       0x9a ./Drivers/STM32F1xx_HAL_Driver/Src/stm32f1xx_hal_uart.o
                0x0000000008003158                HAL_UART_Init
 *fill*         0x00000000080031f2        0x2 
 .text.UART_SetConfig
                0x00000000080031f4      0x11c ./Drivers/STM32F1xx_HAL_Driver/Src/stm32f1xx_hal_uart.o
 .text.__libc_init_array
                0x0000000008003310       0x48 c:/st/stm32cubeide_1.10.1/stm32cubeide/plugins/com.st.stm32cube.ide.mcu.externaltools.gnu-tools-for-stm32.10.3-2021.10.win32_1.0.0.202111181127/tools/bin/../lib/gcc/arm-none-eabi/10.3.1/../../../../arm-none-eabi/lib/thumb/v7-m/nofp\libc_nano.a(lib_a-init.o)
                0x0000000008003310                __libc_init_array
 .text.memset   0x0000000008003358       0x10 c:/st/stm32cubeide_1.10.1/stm32cubeide/plugins/com.st.stm32cube.ide.mcu.externaltools.gnu-tools-for-stm32.10.3-2021.10.win32_1.0.0.202111181127/tools/bin/../lib/gcc/arm-none-eabi/10.3.1/../../../../arm-none-eabi/lib/thumb/v7-m/nofp\libc_nano.a(lib_a-memset.o)
                0x0000000008003358                memset
 *(.glue_7)
 .glue_7        0x0000000008003368        0x0 linker stubs
 *(.glue_7t)
 .glue_7t       0x0000000008003368        0x0 linker stubs
 *(.eh_frame)
 .eh_frame      0x0000000008003368        0x0 c:/st/stm32cubeide_1.10.1/stm32cubeide/plugins/com.st.stm32cube.ide.mcu.externaltools.gnu-tools-for-stm32.10.3-2021.10.win32_1.0.0.202111181127/tools/bin/../lib/gcc/arm-none-eabi/10.3.1/thumb/v7-m/nofp/crtbegin.o
 *(.init)
 .init          0x0000000008003368        0x4 c:/st/stm32cubeide_1.10.1/stm32cubeide/plugins/com.st.stm32cube.ide.mcu.externaltools.gnu-tools-for-stm32.10.3-2021.10.win32_1.0.0.202111181127/tools/bin/../lib/gcc/arm-none-eabi/10.3.1/thumb/v7-m/nofp/crti.o
                0x0000000008003368                _init
 .init          0x000000000800336c        0x8 c:/st/stm32cubeide_1.10.1/stm32cubeide/plugins/com.st.stm32cube.ide.mcu.externaltools.gnu-tools-for-stm32.10.3-2021.10.win32_1.0.0.202111181127/tools/bin/../lib/gcc/arm-none-eabi/10.3.1/thumb/v7-m/nofp/crtn.o
 *(.fini)
 .fini          0x0000000008003374        0x4 c:/st/stm32cubeide_1.10.1/stm32cubeide/plugins/com.st.stm32cube.ide.mcu.externaltools.gnu-tools-for-stm32.10.3-2021.10.win32_1.0.0.202111181127/tools/bin/../lib/gcc/arm-none-eabi/10.3.1/thumb/v7-m/nofp/crti.o
                0x0000000008003374                _fini
 .fini          0x0000000008003378        0x8 c:/st/stm32cubeide_1.10.1/stm32cubeide/plugins/com.st.stm32cube.ide.mcu.externaltools.gnu-tools-for-stm32.10.3-2021.10.win32_1.0.0.202111181127/tools/bin/../lib/gcc/arm-none-eabi/10.3.1/thumb/v7-m/nofp/crtn.o
                0x0000000008003380                . = ALIGN (0x4)
                0x0000000008003380                _etext = .

.vfp11_veneer   0x0000000008003380        0x0
 .vfp11_veneer  0x0000000008003380        0x0 linker stubs

.v4_bx          0x0000000008003380        0x0
 .v4_bx         0x0000000008003380        0x0 linker stubs

.iplt           0x0000000008003380        0x0
 .iplt          0x0000000008003380        0x0 c:/st/stm32cubeide_1.10.1/stm32cubeide/plugins/com.st.stm32cube.ide.mcu.externaltools.gnu-tools-for-stm32.10.3-2021.10.win32_1.0.0.202111181127/tools/bin/../lib/gcc/arm-none-eabi/10.3.1/thumb/v7-m/nofp/crtbegin.o

.rodata         0x0000000008003380      0xd8c
                0x0000000008003380                . = ALIGN (0x4)
 *(.rodata)
 .rodata        0x0000000008003380        0x5 ./Core/Src/main.o
 *fill*         0x0000000008003385        0x3 
 .rodata        0x0000000008003388       0x10 ./Drivers/STM32F1xx_HAL_Driver/Src/stm32f1xx_hal_rcc.o
 *(.rodata*)
 .rodata.Font11x18
                0x0000000008003398      0xd5c ./Core/Src/fonts.o
                0x0000000008003398                Font11x18
 .rodata.AHBPrescTable
                0x00000000080040f4       0x10 ./Core/Src/system_stm32f1xx.o
                0x00000000080040f4                AHBPrescTable
 .rodata.APBPrescTable
                0x0000000008004104        0x8 ./Core/Src/system_stm32f1xx.o
                0x0000000008004104                APBPrescTable
                0x000000000800410c                . = ALIGN (0x4)

.rel.dyn        0x000000000800410c        0x0
 .rel.iplt      0x000000000800410c        0x0 c:/st/stm32cubeide_1.10.1/stm32cubeide/plugins/com.st.stm32cube.ide.mcu.externaltools.gnu-tools-for-stm32.10.3-2021.10.win32_1.0.0.202111181127/tools/bin/../lib/gcc/arm-none-eabi/10.3.1/thumb/v7-m/nofp/crtbegin.o

.ARM.extab      0x000000000800410c        0x0
                0x000000000800410c                . = ALIGN (0x4)
 *(.ARM.extab* .gnu.linkonce.armextab.*)
                0x000000000800410c                . = ALIGN (0x4)

.ARM            0x000000000800410c        0x0
                0x000000000800410c                . = ALIGN (0x4)
                0x000000000800410c                __exidx_start = .
 *(.ARM.exidx*)
                0x000000000800410c                __exidx_end = .
                0x000000000800410c                . = ALIGN (0x4)

.preinit_array  0x000000000800410c        0x0
                0x000000000800410c                . = ALIGN (0x4)
                0x000000000800410c                PROVIDE (__preinit_array_start = .)
 *(.preinit_array*)
                0x000000000800410c                PROVIDE (__preinit_array_end = .)
                0x000000000800410c                . = ALIGN (0x4)

.init_array     0x000000000800410c        0x4
                0x000000000800410c                . = ALIGN (0x4)
                0x000000000800410c                PROVIDE (__init_array_start = .)
 *(SORT_BY_NAME(.init_array.*))
 *(.init_array*)
 .init_array    0x000000000800410c        0x4 c:/st/stm32cubeide_1.10.1/stm32cubeide/plugins/com.st.stm32cube.ide.mcu.externaltools.gnu-tools-for-stm32.10.3-2021.10.win32_1.0.0.202111181127/tools/bin/../lib/gcc/arm-none-eabi/10.3.1/thumb/v7-m/nofp/crtbegin.o
                0x0000000008004110                PROVIDE (__init_array_end = .)
                0x0000000008004110                . = ALIGN (0x4)

.fini_array     0x0000000008004110        0x4
                0x0000000008004110                . = ALIGN (0x4)
                [!provide]                        PROVIDE (__fini_array_start = .)
 *(SORT_BY_NAME(.fini_array.*))
 *(.fini_array*)
 .fini_array    0x0000000008004110        0x4 c:/st/stm32cubeide_1.10.1/stm32cubeide/plugins/com.st.stm32cube.ide.mcu.externaltools.gnu-tools-for-stm32.10.3-2021.10.win32_1.0.0.202111181127/tools/bin/../lib/gcc/arm-none-eabi/10.3.1/thumb/v7-m/nofp/crtbegin.o
                [!provide]                        PROVIDE (__fini_array_end = .)
                0x0000000008004114                . = ALIGN (0x4)
                0x0000000008004114                _sidata = LOADADDR (.data)

.data           0x0000000020000000       0x14 load address 0x0000000008004114
                0x0000000020000000                . = ALIGN (0x4)
                0x0000000020000000                _sdata = .
 *(.data)
 *(.data*)
 .data.Font_11x18
                0x0000000020000000        0x8 ./Core/Src/fonts.o
                0x0000000020000000                Font_11x18
 .data.SystemCoreClock
                0x0000000020000008        0x4 ./Core/Src/system_stm32f1xx.o
                0x0000000020000008                SystemCoreClock
 .data.uwTickPrio
                0x000000002000000c        0x4 ./Drivers/STM32F1xx_HAL_Driver/Src/stm32f1xx_hal.o
                0x000000002000000c                uwTickPrio
 .data.uwTickFreq
                0x0000000020000010        0x1 ./Drivers/STM32F1xx_HAL_Driver/Src/stm32f1xx_hal.o
                0x0000000020000010                uwTickFreq
 *(.RamFunc)
 *(.RamFunc*)
                0x0000000020000014                . = ALIGN (0x4)
 *fill*         0x0000000020000011        0x3 
                0x0000000020000014                _edata = .

.igot.plt       0x0000000020000014        0x0 load address 0x0000000008004128
 .igot.plt      0x0000000020000014        0x0 c:/st/stm32cubeide_1.10.1/stm32cubeide/plugins/com.st.stm32cube.ide.mcu.externaltools.gnu-tools-for-stm32.10.3-2021.10.win32_1.0.0.202111181127/tools/bin/../lib/gcc/arm-none-eabi/10.3.1/thumb/v7-m/nofp/crtbegin.o
                0x0000000020000014                . = ALIGN (0x4)

.bss            0x0000000020000014      0x724 load address 0x0000000008004128
                0x0000000020000014                _sbss = .
                0x0000000020000014                __bss_start__ = _sbss
 *(.bss)
 .bss           0x0000000020000014       0x1c c:/st/stm32cubeide_1.10.1/stm32cubeide/plugins/com.st.stm32cube.ide.mcu.externaltools.gnu-tools-for-stm32.10.3-2021.10.win32_1.0.0.202111181127/tools/bin/../lib/gcc/arm-none-eabi/10.3.1/thumb/v7-m/nofp/crtbegin.o
 *(.bss*)
 .bss.hi2c1     0x0000000020000030       0x54 ./Core/Src/main.o
                0x0000000020000030                hi2c1
 .bss.htim1     0x0000000020000084       0x48 ./Core/Src/main.o
                0x0000000020000084                htim1
 .bss.hdma_tim1_up
                0x00000000200000cc       0x44 ./Core/Src/main.o
                0x00000000200000cc                hdma_tim1_up
 .bss.huart1    0x0000000020000110       0x44 ./Core/Src/main.o
                0x0000000020000110                huart1
 .bss.huart2    0x0000000020000154       0x44 ./Core/Src/main.o
                0x0000000020000154                huart2
 .bss.dataC     0x0000000020000198      0x190 ./Core/Src/main.o
                0x0000000020000198                dataC
 .bss.duty_down
                0x0000000020000328        0x2 ./Core/Src/main.o
                0x0000000020000328                duty_down
 *fill*         0x000000002000032a        0x2 
 .bss.SSD1306_Buffer
                0x000000002000032c      0x400 ./Core/Src/ssd1306.o
 .bss.SSD1306   0x000000002000072c        0x6 ./Core/Src/ssd1306.o
 *fill*         0x0000000020000732        0x2 
 .bss.uwTick    0x0000000020000734        0x4 ./Drivers/STM32F1xx_HAL_Driver/Src/stm32f1xx_hal.o
                0x0000000020000734                uwTick
 *(COMMON)
                0x0000000020000738                . = ALIGN (0x4)
                0x0000000020000738                _ebss = .
                0x0000000020000738                __bss_end__ = _ebss

._user_heap_stack
                0x0000000020000738      0x600 load address 0x0000000008004128
                0x0000000020000738                . = ALIGN (0x8)
                [!provide]                        PROVIDE (end = .)
                0x0000000020000738                PROVIDE (_end = .)
                0x0000000020000938                . = (. + _Min_Heap_Size)
 *fill*         0x0000000020000738      0x200 
                0x0000000020000d38                . = (. + _Min_Stack_Size)
 *fill*         0x0000000020000938      0x400 
                0x0000000020000d38                . = ALIGN (0x8)

/DISCARD/
 libc.a(*)
 libm.a(*)
 libgcc.a(*)

.ARM.attributes
                0x0000000000000000       0x29
 *(.ARM.attributes)
 .ARM.attributes
                0x0000000000000000       0x1d c:/st/stm32cubeide_1.10.1/stm32cubeide/plugins/com.st.stm32cube.ide.mcu.externaltools.gnu-tools-for-stm32.10.3-2021.10.win32_1.0.0.202111181127/tools/bin/../lib/gcc/arm-none-eabi/10.3.1/thumb/v7-m/nofp/crti.o
 .ARM.attributes
                0x000000000000001d       0x2d c:/st/stm32cubeide_1.10.1/stm32cubeide/plugins/com.st.stm32cube.ide.mcu.externaltools.gnu-tools-for-stm32.10.3-2021.10.win32_1.0.0.202111181127/tools/bin/../lib/gcc/arm-none-eabi/10.3.1/thumb/v7-m/nofp/crtbegin.o
 .ARM.attributes
                0x000000000000004a       0x2d ./Core/Src/fonts.o
 .ARM.attributes
                0x0000000000000077       0x2d ./Core/Src/main.o
 .ARM.attributes
                0x00000000000000a4       0x2d ./Core/Src/ssd1306.o
 .ARM.attributes
                0x00000000000000d1       0x2d ./Core/Src/stm32f1xx_hal_msp.o
 .ARM.attributes
                0x00000000000000fe       0x2d ./Core/Src/stm32f1xx_it.o
 .ARM.attributes
                0x000000000000012b       0x2d ./Core/Src/system_stm32f1xx.o
 .ARM.attributes
                0x0000000000000158       0x21 ./Core/Startup/startup_stm32f103c8tx.o
 .ARM.attributes
                0x0000000000000179       0x2d ./Drivers/STM32F1xx_HAL_Driver/Src/stm32f1xx_hal.o
 .ARM.attributes
                0x00000000000001a6       0x2d ./Drivers/STM32F1xx_HAL_Driver/Src/stm32f1xx_hal_cortex.o
 .ARM.attributes
                0x00000000000001d3       0x2d ./Drivers/STM32F1xx_HAL_Driver/Src/stm32f1xx_hal_dma.o
 .ARM.attributes
                0x0000000000000200       0x2d ./Drivers/STM32F1xx_HAL_Driver/Src/stm32f1xx_hal_gpio.o
 .ARM.attributes
                0x000000000000022d       0x2d ./Drivers/STM32F1xx_HAL_Driver/Src/stm32f1xx_hal_i2c.o
 .ARM.attributes
                0x000000000000025a       0x2d ./Drivers/STM32F1xx_HAL_Driver/Src/stm32f1xx_hal_rcc.o
 .ARM.attributes
                0x0000000000000287       0x2d ./Drivers/STM32F1xx_HAL_Driver/Src/stm32f1xx_hal_tim.o
 .ARM.attributes
                0x00000000000002b4       0x2d ./Drivers/STM32F1xx_HAL_Driver/Src/stm32f1xx_hal_tim_ex.o
 .ARM.attributes
                0x00000000000002e1       0x2d ./Drivers/STM32F1xx_HAL_Driver/Src/stm32f1xx_hal_uart.o
 .ARM.attributes
                0x000000000000030e       0x2d c:/st/stm32cubeide_1.10.1/stm32cubeide/plugins/com.st.stm32cube.ide.mcu.externaltools.gnu-tools-for-stm32.10.3-2021.10.win32_1.0.0.202111181127/tools/bin/../lib/gcc/arm-none-eabi/10.3.1/../../../../arm-none-eabi/lib/thumb/v7-m/nofp\libc_nano.a(lib_a-init.o)
 .ARM.attributes
                0x000000000000033b       0x2d c:/st/stm32cubeide_1.10.1/stm32cubeide/plugins/com.st.stm32cube.ide.mcu.externaltools.gnu-tools-for-stm32.10.3-2021.10.win32_1.0.0.202111181127/tools/bin/../lib/gcc/arm-none-eabi/10.3.1/../../../../arm-none-eabi/lib/thumb/v7-m/nofp\libc_nano.a(lib_a-memset.o)
 .ARM.attributes
                0x0000000000000368       0x1d c:/st/stm32cubeide_1.10.1/stm32cubeide/plugins/com.st.stm32cube.ide.mcu.externaltools.gnu-tools-for-stm32.10.3-2021.10.win32_1.0.0.202111181127/tools/bin/../lib/gcc/arm-none-eabi/10.3.1/thumb/v7-m/nofp/crtn.o
OUTPUT(F103_BME280.elf elf32-littlearm)
LOAD linker stubs
LOAD c:/st/stm32cubeide_1.10.1/stm32cubeide/plugins/com.st.stm32cube.ide.mcu.externaltools.gnu-tools-for-stm32.10.3-2021.10.win32_1.0.0.202111181127/tools/bin/../lib/gcc/arm-none-eabi/10.3.1/../../../../arm-none-eabi/lib/thumb/v7-m/nofp\libc.a
LOAD c:/st/stm32cubeide_1.10.1/stm32cubeide/plugins/com.st.stm32cube.ide.mcu.externaltools.gnu-tools-for-stm32.10.3-2021.10.win32_1.0.0.202111181127/tools/bin/../lib/gcc/arm-none-eabi/10.3.1/../../../../arm-none-eabi/lib/thumb/v7-m/nofp\libm.a
LOAD c:/st/stm32cubeide_1.10.1/stm32cubeide/plugins/com.st.stm32cube.ide.mcu.externaltools.gnu-tools-for-stm32.10.3-2021.10.win32_1.0.0.202111181127/tools/bin/../lib/gcc/arm-none-eabi/10.3.1/thumb/v7-m/nofp\libgcc.a

.debug_info     0x0000000000000000     0xe29d
 .debug_info    0x0000000000000000      0x27a ./Core/Src/fonts.o
 .debug_info    0x000000000000027a     0x1531 ./Core/Src/main.o
 .debug_info    0x00000000000017ab     0x1112 ./Core/Src/ssd1306.o
 .debug_info    0x00000000000028bd      0xfdc ./Core/Src/stm32f1xx_hal_msp.o
 .debug_info    0x0000000000003899      0x3a0 ./Core/Src/stm32f1xx_it.o
 .debug_info    0x0000000000003c39      0x23d ./Core/Src/system_stm32f1xx.o
 .debug_info    0x0000000000003e76       0x22 ./Core/Startup/startup_stm32f103c8tx.o
 .debug_info    0x0000000000003e98      0x734 ./Drivers/STM32F1xx_HAL_Driver/Src/stm32f1xx_hal.o
 .debug_info    0x00000000000045cc      0xb20 ./Drivers/STM32F1xx_HAL_Driver/Src/stm32f1xx_hal_cortex.o
 .debug_info    0x00000000000050ec      0x73f ./Drivers/STM32F1xx_HAL_Driver/Src/stm32f1xx_hal_dma.o
 .debug_info    0x000000000000582b      0x615 ./Drivers/STM32F1xx_HAL_Driver/Src/stm32f1xx_hal_gpio.o
 .debug_info    0x0000000000005e40     0x2734 ./Drivers/STM32F1xx_HAL_Driver/Src/stm32f1xx_hal_i2c.o
 .debug_info    0x0000000000008574      0x860 ./Drivers/STM32F1xx_HAL_Driver/Src/stm32f1xx_hal_rcc.o
 .debug_info    0x0000000000008dd4     0x29de ./Drivers/STM32F1xx_HAL_Driver/Src/stm32f1xx_hal_tim.o
 .debug_info    0x000000000000b7b2     0x1513 ./Drivers/STM32F1xx_HAL_Driver/Src/stm32f1xx_hal_tim_ex.o
 .debug_info    0x000000000000ccc5     0x15d8 ./Drivers/STM32F1xx_HAL_Driver/Src/stm32f1xx_hal_uart.o

.debug_abbrev   0x0000000000000000     0x2134
 .debug_abbrev  0x0000000000000000      0x111 ./Core/Src/fonts.o
 .debug_abbrev  0x0000000000000111      0x352 ./Core/Src/main.o
 .debug_abbrev  0x0000000000000463      0x2f8 ./Core/Src/ssd1306.o
 .debug_abbrev  0x000000000000075b      0x222 ./Core/Src/stm32f1xx_hal_msp.o
 .debug_abbrev  0x000000000000097d      0x15f ./Core/Src/stm32f1xx_it.o
 .debug_abbrev  0x0000000000000adc      0x13b ./Core/Src/system_stm32f1xx.o
 .debug_abbrev  0x0000000000000c17       0x12 ./Core/Startup/startup_stm32f103c8tx.o
 .debug_abbrev  0x0000000000000c29      0x1fb ./Drivers/STM32F1xx_HAL_Driver/Src/stm32f1xx_hal.o
 .debug_abbrev  0x0000000000000e24      0x2ed ./Drivers/STM32F1xx_HAL_Driver/Src/stm32f1xx_hal_cortex.o
 .debug_abbrev  0x0000000000001111      0x1fe ./Drivers/STM32F1xx_HAL_Driver/Src/stm32f1xx_hal_dma.o
 .debug_abbrev  0x000000000000130f      0x1bb ./Drivers/STM32F1xx_HAL_Driver/Src/stm32f1xx_hal_gpio.o
 .debug_abbrev  0x00000000000014ca      0x288 ./Drivers/STM32F1xx_HAL_Driver/Src/stm32f1xx_hal_i2c.o
 .debug_abbrev  0x0000000000001752      0x2a8 ./Drivers/STM32F1xx_HAL_Driver/Src/stm32f1xx_hal_rcc.o
 .debug_abbrev  0x00000000000019fa      0x25d ./Drivers/STM32F1xx_HAL_Driver/Src/stm32f1xx_hal_tim.o
 .debug_abbrev  0x0000000000001c57      0x265 ./Drivers/STM32F1xx_HAL_Driver/Src/stm32f1xx_hal_tim_ex.o
 .debug_abbrev  0x0000000000001ebc      0x278 ./Drivers/STM32F1xx_HAL_Driver/Src/stm32f1xx_hal_uart.o

.debug_aranges  0x0000000000000000      0xfb0
 .debug_aranges
                0x0000000000000000       0x20 ./Core/Src/fonts.o
 .debug_aranges
                0x0000000000000020       0x70 ./Core/Src/main.o
 .debug_aranges
                0x0000000000000090       0xf8 ./Core/Src/ssd1306.o
 .debug_aranges
                0x0000000000000188       0x50 ./Core/Src/stm32f1xx_hal_msp.o
 .debug_aranges
                0x00000000000001d8       0x68 ./Core/Src/stm32f1xx_it.o
 .debug_aranges
                0x0000000000000240       0x28 ./Core/Src/system_stm32f1xx.o
 .debug_aranges
                0x0000000000000268       0x28 ./Core/Startup/startup_stm32f103c8tx.o
 .debug_aranges
                0x0000000000000290       0xe0 ./Drivers/STM32F1xx_HAL_Driver/Src/stm32f1xx_hal.o
 .debug_aranges
                0x0000000000000370      0x100 ./Drivers/STM32F1xx_HAL_Driver/Src/stm32f1xx_hal_cortex.o
 .debug_aranges
                0x0000000000000470       0x80 ./Drivers/STM32F1xx_HAL_Driver/Src/stm32f1xx_hal_dma.o
 .debug_aranges
                0x00000000000004f0       0x58 ./Drivers/STM32F1xx_HAL_Driver/Src/stm32f1xx_hal_gpio.o
 .debug_aranges
                0x0000000000000548      0x2a0 ./Drivers/STM32F1xx_HAL_Driver/Src/stm32f1xx_hal_i2c.o
 .debug_aranges
                0x00000000000007e8       0x90 ./Drivers/STM32F1xx_HAL_Driver/Src/stm32f1xx_hal_rcc.o
 .debug_aranges
                0x0000000000000878      0x3d0 ./Drivers/STM32F1xx_HAL_Driver/Src/stm32f1xx_hal_tim.o
 .debug_aranges
                0x0000000000000c48      0x168 ./Drivers/STM32F1xx_HAL_Driver/Src/stm32f1xx_hal_tim_ex.o
 .debug_aranges
                0x0000000000000db0      0x200 ./Drivers/STM32F1xx_HAL_Driver/Src/stm32f1xx_hal_uart.o

.debug_ranges   0x0000000000000000      0xf10
 .debug_ranges  0x0000000000000000       0x10 ./Core/Src/fonts.o
 .debug_ranges  0x0000000000000010       0x60 ./Core/Src/main.o
 .debug_ranges  0x0000000000000070       0xe8 ./Core/Src/ssd1306.o
 .debug_ranges  0x0000000000000158       0x40 ./Core/Src/stm32f1xx_hal_msp.o
 .debug_ranges  0x0000000000000198       0x58 ./Core/Src/stm32f1xx_it.o
 .debug_ranges  0x00000000000001f0       0x18 ./Core/Src/system_stm32f1xx.o
 .debug_ranges  0x0000000000000208       0x20 ./Core/Startup/startup_stm32f103c8tx.o
 .debug_ranges  0x0000000000000228       0xd0 ./Drivers/STM32F1xx_HAL_Driver/Src/stm32f1xx_hal.o
 .debug_ranges  0x00000000000002f8       0xf0 ./Drivers/STM32F1xx_HAL_Driver/Src/stm32f1xx_hal_cortex.o
 .debug_ranges  0x00000000000003e8       0x70 ./Drivers/STM32F1xx_HAL_Driver/Src/stm32f1xx_hal_dma.o
 .debug_ranges  0x0000000000000458       0x48 ./Drivers/STM32F1xx_HAL_Driver/Src/stm32f1xx_hal_gpio.o
 .debug_ranges  0x00000000000004a0      0x2b8 ./Drivers/STM32F1xx_HAL_Driver/Src/stm32f1xx_hal_i2c.o
 .debug_ranges  0x0000000000000758       0x80 ./Drivers/STM32F1xx_HAL_Driver/Src/stm32f1xx_hal_rcc.o
 .debug_ranges  0x00000000000007d8      0x3c0 ./Drivers/STM32F1xx_HAL_Driver/Src/stm32f1xx_hal_tim.o
 .debug_ranges  0x0000000000000b98      0x158 ./Drivers/STM32F1xx_HAL_Driver/Src/stm32f1xx_hal_tim_ex.o
 .debug_ranges  0x0000000000000cf0      0x220 ./Drivers/STM32F1xx_HAL_Driver/Src/stm32f1xx_hal_uart.o

.debug_macro    0x0000000000000000    0x17ee4
 .debug_macro   0x0000000000000000      0x285 ./Core/Src/fonts.o
 .debug_macro   0x0000000000000285      0xa6c ./Core/Src/fonts.o
 .debug_macro   0x0000000000000cf1      0x227 ./Core/Src/fonts.o
 .debug_macro   0x0000000000000f18       0x2e ./Core/Src/fonts.o
 .debug_macro   0x0000000000000f46       0x22 ./Core/Src/fonts.o
 .debug_macro   0x0000000000000f68       0x22 ./Core/Src/fonts.o
 .debug_macro   0x0000000000000f8a       0x8e ./Core/Src/fonts.o
 .debug_macro   0x0000000000001018       0x51 ./Core/Src/fonts.o
 .debug_macro   0x0000000000001069      0x103 ./Core/Src/fonts.o
 .debug_macro   0x000000000000116c       0x6a ./Core/Src/fonts.o
 .debug_macro   0x00000000000011d6      0x1df ./Core/Src/fonts.o
 .debug_macro   0x00000000000013b5       0x1c ./Core/Src/fonts.o
 .debug_macro   0x00000000000013d1       0x22 ./Core/Src/fonts.o
 .debug_macro   0x00000000000013f3       0xbd ./Core/Src/fonts.o
 .debug_macro   0x00000000000014b0      0xd23 ./Core/Src/fonts.o
 .debug_macro   0x00000000000021d3     0xe09e ./Core/Src/fonts.o
 .debug_macro   0x0000000000010271       0x6d ./Core/Src/fonts.o
 .debug_macro   0x00000000000102de     0x3468 ./Core/Src/fonts.o
 .debug_macro   0x0000000000013746      0x174 ./Core/Src/fonts.o
 .debug_macro   0x00000000000138ba       0x5c ./Core/Src/fonts.o
 .debug_macro   0x0000000000013916      0x5be ./Core/Src/fonts.o
 .debug_macro   0x0000000000013ed4      0x289 ./Core/Src/fonts.o
 .debug_macro   0x000000000001415d      0x1cb ./Core/Src/fonts.o
 .debug_macro   0x0000000000014328      0x114 ./Core/Src/fonts.o
 .debug_macro   0x000000000001443c      0x1b2 ./Core/Src/fonts.o
 .debug_macro   0x00000000000145ee       0x27 ./Core/Src/fonts.o
 .debug_macro   0x0000000000014615      0x136 ./Core/Src/fonts.o
 .debug_macro   0x000000000001474b      0x1bc ./Core/Src/fonts.o
 .debug_macro   0x0000000000014907       0x34 ./Core/Src/fonts.o
 .debug_macro   0x000000000001493b       0x3c ./Core/Src/fonts.o
 .debug_macro   0x0000000000014977       0x57 ./Core/Src/fonts.o
 .debug_macro   0x00000000000149ce       0x88 ./Core/Src/fonts.o
 .debug_macro   0x0000000000014a56      0x241 ./Core/Src/fonts.o
 .debug_macro   0x0000000000014c97      0x287 ./Core/Src/fonts.o
 .debug_macro   0x0000000000014f1e      0x141 ./Core/Src/fonts.o
 .debug_macro   0x000000000001505f      0x8d1 ./Core/Src/fonts.o
 .debug_macro   0x0000000000015930      0x279 ./Core/Src/fonts.o
 .debug_macro   0x0000000000015ba9       0x83 ./Core/Src/fonts.o
 .debug_macro   0x0000000000015c2c       0x52 ./Core/Src/fonts.o
 .debug_macro   0x0000000000015c7e       0x18 ./Core/Src/fonts.o
 .debug_macro   0x0000000000015c96       0x3c ./Core/Src/fonts.o
 .debug_macro   0x0000000000015cd2       0x34 ./Core/Src/fonts.o
 .debug_macro   0x0000000000015d06       0x16 ./Core/Src/fonts.o
 .debug_macro   0x0000000000015d1c       0x43 ./Core/Src/fonts.o
 .debug_macro   0x0000000000015d5f       0x34 ./Core/Src/fonts.o
 .debug_macro   0x0000000000015d93       0x10 ./Core/Src/fonts.o
 .debug_macro   0x0000000000015da3       0x58 ./Core/Src/fonts.o
 .debug_macro   0x0000000000015dfb       0x71 ./Core/Src/fonts.o
 .debug_macro   0x0000000000015e6c       0x1c ./Core/Src/fonts.o
 .debug_macro   0x0000000000015e88      0x12a ./Core/Src/fonts.o
 .debug_macro   0x0000000000015fb2      0x341 ./Core/Src/fonts.o
 .debug_macro   0x00000000000162f3       0x10 ./Core/Src/fonts.o
 .debug_macro   0x0000000000016303       0x35 ./Core/Src/fonts.o
 .debug_macro   0x0000000000016338       0x20 ./Core/Src/fonts.o
 .debug_macro   0x0000000000016358      0x2e6 ./Core/Src/main.o
 .debug_macro   0x000000000001663e       0x16 ./Core/Src/main.o
 .debug_macro   0x0000000000016654       0x16 ./Core/Src/main.o
 .debug_macro   0x000000000001666a       0x29 ./Core/Src/main.o
 .debug_macro   0x0000000000016693       0x1d ./Core/Src/main.o
 .debug_macro   0x00000000000166b0      0x310 ./Core/Src/ssd1306.o
 .debug_macro   0x00000000000169c0      0x1b7 ./Core/Src/stm32f1xx_hal_msp.o
 .debug_macro   0x0000000000016b77      0x1c1 ./Core/Src/stm32f1xx_it.o
 .debug_macro   0x0000000000016d38      0x1ad ./Core/Src/system_stm32f1xx.o
 .debug_macro   0x0000000000016ee5      0x1d1 ./Drivers/STM32F1xx_HAL_Driver/Src/stm32f1xx_hal.o
 .debug_macro   0x00000000000170b6      0x1ad ./Drivers/STM32F1xx_HAL_Driver/Src/stm32f1xx_hal_cortex.o
 .debug_macro   0x0000000000017263      0x1ad ./Drivers/STM32F1xx_HAL_Driver/Src/stm32f1xx_hal_dma.o
 .debug_macro   0x0000000000017410      0x218 ./Drivers/STM32F1xx_HAL_Driver/Src/stm32f1xx_hal_gpio.o
 .debug_macro   0x0000000000017628      0x1f4 ./Drivers/STM32F1xx_HAL_Driver/Src/stm32f1xx_hal_i2c.o
 .debug_macro   0x000000000001781c      0x1bf ./Drivers/STM32F1xx_HAL_Driver/Src/stm32f1xx_hal_rcc.o
 .debug_macro   0x00000000000179db      0x1ae ./Drivers/STM32F1xx_HAL_Driver/Src/stm32f1xx_hal_tim.o
 .debug_macro   0x0000000000017b89      0x1ad ./Drivers/STM32F1xx_HAL_Driver/Src/stm32f1xx_hal_tim_ex.o
 .debug_macro   0x0000000000017d36      0x1ae ./Drivers/STM32F1xx_HAL_Driver/Src/stm32f1xx_hal_uart.o

.debug_line     0x0000000000000000    0x1114c
 .debug_line    0x0000000000000000      0x7ec ./Core/Src/fonts.o
 .debug_line    0x00000000000007ec      0xa99 ./Core/Src/main.o
 .debug_line    0x0000000000001285      0xfc0 ./Core/Src/ssd1306.o
 .debug_line    0x0000000000002245      0x7ba ./Core/Src/stm32f1xx_hal_msp.o
 .debug_line    0x00000000000029ff      0x763 ./Core/Src/stm32f1xx_it.o
 .debug_line    0x0000000000003162      0x707 ./Core/Src/system_stm32f1xx.o
 .debug_line    0x0000000000003869       0x87 ./Core/Startup/startup_stm32f103c8tx.o
 .debug_line    0x00000000000038f0      0x934 ./Drivers/STM32F1xx_HAL_Driver/Src/stm32f1xx_hal.o
 .debug_line    0x0000000000004224      0xb1c ./Drivers/STM32F1xx_HAL_Driver/Src/stm32f1xx_hal_cortex.o
 .debug_line    0x0000000000004d40      0xd8c ./Drivers/STM32F1xx_HAL_Driver/Src/stm32f1xx_hal_dma.o
 .debug_line    0x0000000000005acc      0x9cb ./Drivers/STM32F1xx_HAL_Driver/Src/stm32f1xx_hal_gpio.o
 .debug_line    0x0000000000006497     0x3a1e ./Drivers/STM32F1xx_HAL_Driver/Src/stm32f1xx_hal_i2c.o
 .debug_line    0x0000000000009eb5      0xd42 ./Drivers/STM32F1xx_HAL_Driver/Src/stm32f1xx_hal_rcc.o
 .debug_line    0x000000000000abf7     0x32ea ./Drivers/STM32F1xx_HAL_Driver/Src/stm32f1xx_hal_tim.o
 .debug_line    0x000000000000dee1     0x185c ./Drivers/STM32F1xx_HAL_Driver/Src/stm32f1xx_hal_tim_ex.o
 .debug_line    0x000000000000f73d     0x1a0f ./Drivers/STM32F1xx_HAL_Driver/Src/stm32f1xx_hal_uart.o

.debug_str      0x0000000000000000    0x8bf67
 .debug_str     0x0000000000000000    0x8766c ./Core/Src/fonts.o
                                      0x879cf (size before relaxing)
 .debug_str     0x000000000008766c     0x10f0 ./Core/Src/main.o
                                      0x88bc4 (size before relaxing)
 .debug_str     0x000000000008875c      0x4ed ./Core/Src/ssd1306.o
                                      0x8849c (size before relaxing)
 .debug_str     0x0000000000088c49      0x10d ./Core/Src/stm32f1xx_hal_msp.o
                                      0x855f7 (size before relaxing)
 .debug_str     0x0000000000088d56       0xf5 ./Core/Src/stm32f1xx_it.o
                                      0x84db9 (size before relaxing)
 .debug_str     0x0000000000088e4b       0x7e ./Core/Src/system_stm32f1xx.o
                                      0x84bab (size before relaxing)
 .debug_str     0x0000000000088ec9       0x36 ./Core/Startup/startup_stm32f103c8tx.o
                                         0x6e (size before relaxing)
 .debug_str     0x0000000000088eff      0x384 ./Drivers/STM32F1xx_HAL_Driver/Src/stm32f1xx_hal.o
                                      0x852de (size before relaxing)
 .debug_str     0x0000000000089283      0x2a8 ./Drivers/STM32F1xx_HAL_Driver/Src/stm32f1xx_hal_cortex.o
                                      0x8522a (size before relaxing)
 .debug_str     0x000000000008952b      0x1f8 ./Drivers/STM32F1xx_HAL_Driver/Src/stm32f1xx_hal_dma.o
                                      0x84f54 (size before relaxing)
 .debug_str     0x0000000000089723      0x2e1 ./Drivers/STM32F1xx_HAL_Driver/Src/stm32f1xx_hal_gpio.o
                                      0x84f31 (size before relaxing)
 .debug_str     0x0000000000089a04      0xb21 ./Drivers/STM32F1xx_HAL_Driver/Src/stm32f1xx_hal_i2c.o
                                      0x85c1f (size before relaxing)
 .debug_str     0x000000000008a525      0x209 ./Drivers/STM32F1xx_HAL_Driver/Src/stm32f1xx_hal_rcc.o
                                      0x84fda (size before relaxing)
 .debug_str     0x000000000008a72e      0xdd6 ./Drivers/STM32F1xx_HAL_Driver/Src/stm32f1xx_hal_tim.o
                                      0x85fc5 (size before relaxing)
 .debug_str     0x000000000008b504      0x493 ./Drivers/STM32F1xx_HAL_Driver/Src/stm32f1xx_hal_tim_ex.o
                                      0x857e1 (size before relaxing)
 .debug_str     0x000000000008b997      0x5d0 ./Drivers/STM32F1xx_HAL_Driver/Src/stm32f1xx_hal_uart.o
                                      0x855e5 (size before relaxing)

.comment        0x0000000000000000       0x50
 .comment       0x0000000000000000       0x50 ./Core/Src/fonts.o
                                         0x51 (size before relaxing)
 .comment       0x0000000000000050       0x51 ./Core/Src/main.o
 .comment       0x0000000000000050       0x51 ./Core/Src/ssd1306.o
 .comment       0x0000000000000050       0x51 ./Core/Src/stm32f1xx_hal_msp.o
 .comment       0x0000000000000050       0x51 ./Core/Src/stm32f1xx_it.o
 .comment       0x0000000000000050       0x51 ./Core/Src/system_stm32f1xx.o
 .comment       0x0000000000000050       0x51 ./Drivers/STM32F1xx_HAL_Driver/Src/stm32f1xx_hal.o
 .comment       0x0000000000000050       0x51 ./Drivers/STM32F1xx_HAL_Driver/Src/stm32f1xx_hal_cortex.o
 .comment       0x0000000000000050       0x51 ./Drivers/STM32F1xx_HAL_Driver/Src/stm32f1xx_hal_dma.o
 .comment       0x0000000000000050       0x51 ./Drivers/STM32F1xx_HAL_Driver/Src/stm32f1xx_hal_gpio.o
 .comment       0x0000000000000050       0x51 ./Drivers/STM32F1xx_HAL_Driver/Src/stm32f1xx_hal_i2c.o
 .comment       0x0000000000000050       0x51 ./Drivers/STM32F1xx_HAL_Driver/Src/stm32f1xx_hal_rcc.o
 .comment       0x0000000000000050       0x51 ./Drivers/STM32F1xx_HAL_Driver/Src/stm32f1xx_hal_tim.o
 .comment       0x0000000000000050       0x51 ./Drivers/STM32F1xx_HAL_Driver/Src/stm32f1xx_hal_tim_ex.o
 .comment       0x0000000000000050       0x51 ./Drivers/STM32F1xx_HAL_Driver/Src/stm32f1xx_hal_uart.o

.debug_frame    0x0000000000000000     0x42c8
 .debug_frame   0x0000000000000000       0x38 ./Core/Src/fonts.o
 .debug_frame   0x0000000000000038      0x17c ./Core/Src/main.o
 .debug_frame   0x00000000000001b4      0x414 ./Core/Src/ssd1306.o
 .debug_frame   0x00000000000005c8      0x110 ./Core/Src/stm32f1xx_hal_msp.o
 .debug_frame   0x00000000000006d8      0x120 ./Core/Src/stm32f1xx_it.o
 .debug_frame   0x00000000000007f8       0x58 ./Core/Src/system_stm32f1xx.o
 .debug_frame   0x0000000000000850      0x334 ./Drivers/STM32F1xx_HAL_Driver/Src/stm32f1xx_hal.o
 .debug_frame   0x0000000000000b84      0x428 ./Drivers/STM32F1xx_HAL_Driver/Src/stm32f1xx_hal_cortex.o
 .debug_frame   0x0000000000000fac      0x208 ./Drivers/STM32F1xx_HAL_Driver/Src/stm32f1xx_hal_dma.o
 .debug_frame   0x00000000000011b4      0x14c ./Drivers/STM32F1xx_HAL_Driver/Src/stm32f1xx_hal_gpio.o
 .debug_frame   0x0000000000001300      0xc5c ./Drivers/STM32F1xx_HAL_Driver/Src/stm32f1xx_hal_i2c.o
 .debug_frame   0x0000000000001f5c      0x21c ./Drivers/STM32F1xx_HAL_Driver/Src/stm32f1xx_hal_rcc.o
 .debug_frame   0x0000000000002178     0x11b8 ./Drivers/STM32F1xx_HAL_Driver/Src/stm32f1xx_hal_tim.o
 .debug_frame   0x0000000000003330      0x638 ./Drivers/STM32F1xx_HAL_Driver/Src/stm32f1xx_hal_tim_ex.o
 .debug_frame   0x0000000000003968      0x914 ./Drivers/STM32F1xx_HAL_Driver/Src/stm32f1xx_hal_uart.o
 .debug_frame   0x000000000000427c       0x2c c:/st/stm32cubeide_1.10.1/stm32cubeide/plugins/com.st.stm32cube.ide.mcu.externaltools.gnu-tools-for-stm32.10.3-2021.10.win32_1.0.0.202111181127/tools/bin/../lib/gcc/arm-none-eabi/10.3.1/../../../../arm-none-eabi/lib/thumb/v7-m/nofp\libc_nano.a(lib_a-init.o)
 .debug_frame   0x00000000000042a8       0x20 c:/st/stm32cubeide_1.10.1/stm32cubeide/plugins/com.st.stm32cube.ide.mcu.externaltools.gnu-tools-for-stm32.10.3-2021.10.win32_1.0.0.202111181127/tools/bin/../lib/gcc/arm-none-eabi/10.3.1/../../../../arm-none-eabi/lib/thumb/v7-m/nofp\libc_nano.a(lib_a-memset.o)
