../Core/Src/main.c:85:8:user_i2c_read	24	static
../Core/Src/main.c:93:6:user_delay_ms	16	static
../Core/Src/main.c:98:8:user_i2c_write	32	static
../Core/Src/main.c:111:6:zeroSoftPWM	24	static
../Core/Src/main.c:119:6:setSoftPWM	32	static
../Core/Src/main.c:147:5:main	8	static
../Core/Src/main.c:249:6:SystemClock_Config	72	static
../Core/Src/main.c:289:13:MX_I2C1_Init	8	static
../Core/Src/main.c:323:13:MX_TIM1_Init	32	static
../Core/Src/main.c:369:13:MX_TIM2_Init	32	static
../Core/Src/main.c:414:13:MX_USART1_UART_Init	8	static
../Core/Src/main.c:447:13:MX_USART2_UART_Init	8	static
../Core/Src/main.c:478:13:MX_DMA_Init	16	static
../Core/Src/main.c:496:13:MX_GPIO_Init	40	static
../Core/Src/main.c:519:6:HAL_TIM_PeriodElapsedCallback	16	static
../Core/Src/main.c:548:6:Error_Handler	4	static,ignoring_inline_asm
