../Core/Src/main.c:86:8:user_i2c_read	24	static
../Core/Src/main.c:94:6:user_delay_ms	16	static
../Core/Src/main.c:99:8:user_i2c_write	32	static
../Core/Src/main.c:112:6:zeroSoftPWM	24	static
../Core/Src/main.c:120:6:setSoftPWM	32	static
../Core/Src/main.c:148:5:main	8	static
../Core/Src/main.c:254:6:SystemClock_Config	72	static
../Core/Src/main.c:294:13:MX_I2C1_Init	8	static
../Core/Src/main.c:328:13:MX_TIM1_Init	32	static
../Core/Src/main.c:374:13:MX_TIM2_Init	32	static
../Core/Src/main.c:419:13:MX_USART1_UART_Init	8	static
../Core/Src/main.c:452:13:MX_USART2_UART_Init	8	static
../Core/Src/main.c:483:13:MX_DMA_Init	16	static
../Core/Src/main.c:501:13:MX_GPIO_Init	40	static
../Core/Src/main.c:524:6:HAL_TIM_PeriodElapsedCallback	16	static
../Core/Src/main.c:556:6:Error_Handler	4	static,ignoring_inline_asm
